
> ttn-erd@0.1.0 build
> next build

   â–² Next.js 15.1.6
   - Environments: .env.local

   Creating an optimized production build ...
Failed to compile.

./node_modules/farmhash-modern/bin/bundler/farmhash_modern_bg.wasm
Module parse failed: Unexpected character ' ' (1:0)
The module seem to be a WebAssembly module, but module is not flagged as WebAssembly module for webpack.
BREAKING CHANGE: Since webpack 5 WebAssembly is not enabled by default and flagged as experimental feature.
You need to enable one of the WebAssembly experiments via 'experiments.asyncWebAssembly: true' (based on async modules) or 'experiments.syncWebAssembly: true' (like webpack 4, deprecated).
For files that transpile to WebAssembly, make sure to set the module type in the 'module.rules' section of the config (e. g. 'type: "webassembly/async"').
(Source code omitted for this binary file)

Import trace for requested module:
./node_modules/farmhash-modern/bin/bundler/farmhash_modern_bg.wasm
./node_modules/farmhash-modern/bin/bundler/farmhash_modern.js
./node_modules/farmhash-modern/lib/browser.js
./node_modules/firebase-admin/lib/remote-config/condition-evaluator-internal.js
./node_modules/firebase-admin/lib/remote-config/remote-config.js
./node_modules/firebase-admin/lib/app/firebase-namespace.js
./node_modules/firebase-admin/lib/default-namespace.js
./node_modules/firebase-admin/lib/index.js
./lib/firebase/admin.ts
./app/api/auth/verify/route.ts
./node_modules/next/dist/build/webpack/loaders/next-app-loader/index.js?name=app%2Fapi%2Fauth%2Fverify%2Froute&page=%2Fapi%2Fauth%2Fverify%2Froute&pagePath=private-next-app-dir%2Fapi%2Fauth%2Fverify%2Froute.ts&appDir=%2FVolumes%2Faki%2Fworkspace%2Fttn_erd%2Fapp&appPaths=%2Fapi%2Fauth%2Fverify%2Froute&pageExtensions=tsx&pageExtensions=ts&pageExtensions=jsx&pageExtensions=js&basePath=&assetPrefix=&nextConfigOutput=&preferredRegion=&middlewareConfig=e30%3D!./app/api/auth/verify/route.ts?__next_edge_ssr_entry__

./node_modules/@firebase/database-compat/dist/index.standalone.js:8:1
Module not found: Can't resolve 'stream'
   6 | var require$$0 = require('buffer');
   7 | var require$$1 = require('events');
>  8 | var require$$0$1 = require('stream');
     | ^
   9 | var require$$1$1 = require('crypto');
  10 | var require$$2$1 = require('url');
  11 | var require$$0$2 = require('assert');

https://nextjs.org/docs/messages/module-not-found

Import trace for requested module:
./node_modules/firebase-admin/lib/app/firebase-namespace.js
./node_modules/firebase-admin/lib/default-namespace.js
./node_modules/firebase-admin/lib/index.js
./lib/firebase/admin.ts
./app/api/auth/verify/route.ts
./node_modules/next/dist/build/webpack/loaders/next-edge-app-route-loader/index.js?absolutePagePath=private-next-app-dir%2Fapi%2Fauth%2Fverify%2Froute.ts&page=%2Fapi%2Fauth%2Fverify%2Froute&appDirLoader=bmV4dC1hcHAtbG9hZGVyP25hbWU9YXBwJTJGYXBpJTJGYXV0aCUyRnZlcmlmeSUyRnJvdXRlJnBhZ2U9JTJGYXBpJTJGYXV0aCUyRnZlcmlmeSUyRnJvdXRlJnBhZ2VQYXRoPXByaXZhdGUtbmV4dC1hcHAtZGlyJTJGYXBpJTJGYXV0aCUyRnZlcmlmeSUyRnJvdXRlLnRzJmFwcERpcj0lMkZWb2x1bWVzJTJGYWtpJTJGd29ya3NwYWNlJTJGdHRuX2VyZCUyRmFwcCZhcHBQYXRocz0lMkZhcGklMkZhdXRoJTJGdmVyaWZ5JTJGcm91dGUmcGFnZUV4dGVuc2lvbnM9dHN4JnBhZ2VFeHRlbnNpb25zPXRzJnBhZ2VFeHRlbnNpb25zPWpzeCZwYWdlRXh0ZW5zaW9ucz1qcyZiYXNlUGF0aD0mYXNzZXRQcmVmaXg9Jm5leHRDb25maWdPdXRwdXQ9JnByZWZlcnJlZFJlZ2lvbj0mbWlkZGxld2FyZUNvbmZpZz1lMzAlM0Qh&nextConfig=eyJlbnYiOnt9LCJ3ZWJwYWNrIjpudWxsLCJlc2xpbnQiOnsiaWdub3JlRHVyaW5nQnVpbGRzIjpmYWxzZX0sInR5cGVzY3JpcHQiOnsiaWdub3JlQnVpbGRFcnJvcnMiOmZhbHNlLCJ0c2NvbmZpZ1BhdGgiOiJ0c2NvbmZpZy5qc29uIn0sImRpc3REaXIiOiIubmV4dCIsImNsZWFuRGlzdERpciI6dHJ1ZSwiYXNzZXRQcmVmaXgiOiIiLCJjYWNoZU1heE1lbW9yeVNpemUiOjUyNDI4ODAwLCJjb25maWdPcmlnaW4iOiJuZXh0LmNvbmZpZy50cyIsInVzZUZpbGVTeXN0ZW1QdWJsaWNSb3V0ZXMiOnRydWUsImdlbmVyYXRlRXRhZ3MiOnRydWUsInBhZ2VFeHRlbnNpb25zIjpbInRzeCIsInRzIiwianN4IiwianMiXSwicG93ZXJlZEJ5SGVhZGVyIjp0cnVlLCJjb21wcmVzcyI6dHJ1ZSwiaW1hZ2VzIjp7ImRldmljZVNpemVzIjpbNjQwLDc1MCw4MjgsMTA4MCwxMjAwLDE5MjAsMjA0OCwzODQwXSwiaW1hZ2VTaXplcyI6WzE2LDMyLDQ4LDY0LDk2LDEyOCwyNTYsMzg0XSwicGF0aCI6Ii9fbmV4dC9pbWFnZSIsImxvYWRlciI6ImRlZmF1bHQiLCJsb2FkZXJGaWxlIjoiIiwiZG9tYWlucyI6W10sImRpc2FibGVTdGF0aWNJbWFnZXMiOmZhbHNlLCJtaW5pbXVtQ2FjaGVUVEwiOjYwLCJmb3JtYXRzIjpbImltYWdlL3dlYnAiXSwiZGFuZ2Vyb3VzbHlBbGxvd1NWRyI6ZmFsc2UsImNvbnRlbnRTZWN1cml0eVBvbGljeSI6InNjcmlwdC1zcmMgJ25vbmUnOyBmcmFtZS1zcmMgJ25vbmUnOyBzYW5kYm94OyIsImNvbnRlbnREaXNwb3NpdGlvblR5cGUiOiJhdHRhY2htZW50IiwicmVtb3RlUGF0dGVybnMiOltdLCJ1bm9wdGltaXplZCI6ZmFsc2V9LCJkZXZJbmRpY2F0b3JzIjp7ImFwcElzclN0YXR1cyI6dHJ1ZSwiYnVpbGRBY3Rpdml0eSI6dHJ1ZSwiYnVpbGRBY3Rpdml0eVBvc2l0aW9uIjoiYm90dG9tLXJpZ2h0In0sIm9uRGVtYW5kRW50cmllcyI6eyJtYXhJbmFjdGl2ZUFnZSI6NjAwMDAsInBhZ2VzQnVmZmVyTGVuZ3RoIjo1fSwiYW1wIjp7ImNhbm9uaWNhbEJhc2UiOiIifSwiYmFzZVBhdGgiOiIiLCJzYXNzT3B0aW9ucyI6e30sInRyYWlsaW5nU2xhc2giOmZhbHNlLCJpMThuIjpudWxsLCJwcm9kdWN0aW9uQnJvd3NlclNvdXJjZU1hcHMiOmZhbHNlLCJleGNsdWRlRGVmYXVsdE1vbWVudExvY2FsZXMiOnRydWUsInNlcnZlclJ1bnRpbWVDb25maWciOnt9LCJwdWJsaWNSdW50aW1lQ29uZmlnIjp7fSwicmVhY3RQcm9kdWN0aW9uUHJvZmlsaW5nIjpmYWxzZSwicmVhY3RTdHJpY3RNb2RlIjp0cnVlLCJyZWFjdE1heEhlYWRlcnNMZW5ndGgiOjYwMDAsImh0dHBBZ2VudE9wdGlvbnMiOnsia2VlcEFsaXZlIjp0cnVlfSwibG9nZ2luZyI6e30sImV4cGlyZVRpbWUiOjMxNTM2MDAwLCJzdGF0aWNQYWdlR2VuZXJhdGlvblRpbWVvdXQiOjYwLCJtb2R1bGFyaXplSW1wb3J0cyI6eyJAbXVpL2ljb25zLW1hdGVyaWFsIjp7InRyYW5zZm9ybSI6IkBtdWkvaWNvbnMtbWF0ZXJpYWwve3ttZW1iZXJ9fSJ9LCJsb2Rhc2giOnsidHJhbnNmb3JtIjoibG9kYXNoL3t7bWVtYmVyfX0ifX0sIm91dHB1dEZpbGVUcmFjaW5nUm9vdCI6Ii9Wb2x1bWVzL2FraS93b3Jrc3BhY2UvdHRuX2VyZCIsImV4cGVyaW1lbnRhbCI6eyJjYWNoZUxpZmUiOnsiZGVmYXVsdCI6eyJzdGFsZSI6MzAwLCJyZXZhbGlkYXRlIjo5MDAsImV4cGlyZSI6NDI5NDk2NzI5NH0sInNlY29uZHMiOnsic3RhbGUiOjAsInJldmFsaWRhdGUiOjEsImV4cGlyZSI6NjB9LCJtaW51dGVzIjp7InN0YWxlIjozMDAsInJldmFsaWRhdGUiOjYwLCJleHBpcmUiOjM2MDB9LCJob3VycyI6eyJzdGFsZSI6MzAwLCJyZXZhbGlkYXRlIjozNjAwLCJleHBpcmUiOjg2NDAwfSwiZGF5cyI6eyJzdGFsZSI6MzAwLCJyZXZhbGlkYXRlIjo4NjQwMCwiZXhwaXJlIjo2MDQ4MDB9LCJ3ZWVrcyI6eyJzdGFsZSI6MzAwLCJyZXZhbGlkYXRlIjo2MDQ4MDAsImV4cGlyZSI6MjU5MjAwMH0sIm1heCI6eyJzdGFsZSI6MzAwLCJyZXZhbGlkYXRlIjoyNTkyMDAwLCJleHBpcmUiOjQyOTQ5NjcyOTR9fSwiY2FjaGVIYW5kbGVycyI6e30sImNzc0NodW5raW5nIjp0cnVlLCJtdWx0aVpvbmVEcmFmdE1vZGUiOmZhbHNlLCJhcHBOYXZGYWlsSGFuZGxpbmciOmZhbHNlLCJwcmVyZW5kZXJFYXJseUV4aXQiOnRydWUsInNlcnZlck1pbmlmaWNhdGlvbiI6dHJ1ZSwic2VydmVyU291cmNlTWFwcyI6ZmFsc2UsImxpbmtOb1RvdWNoU3RhcnQiOmZhbHNlLCJjYXNlU2Vuc2l0aXZlUm91dGVzIjpmYWxzZSwiY2xpZW50U2VnbWVudENhY2hlIjpmYWxzZSwicHJlbG9hZEVudHJpZXNPblN0YXJ0Ijp0cnVlLCJjbGllbnRSb3V0ZXJGaWx0ZXIiOnRydWUsImNsaWVudFJvdXRlckZpbHRlclJlZGlyZWN0cyI6ZmFsc2UsImZldGNoQ2FjaGVLZXlQcmVmaXgiOiIiLCJtaWRkbGV3YXJlUHJlZmV0Y2giOiJmbGV4aWJsZSIsIm9wdGltaXN0aWNDbGllbnRDYWNoZSI6dHJ1ZSwibWFudWFsQ2xpZW50QmFzZVBhdGgiOmZhbHNlLCJjcHVzIjo5LCJtZW1vcnlCYXNlZFdvcmtlcnNDb3VudCI6ZmFsc2UsImltZ09wdENvbmN1cnJlbmN5IjpudWxsLCJpbWdPcHRUaW1lb3V0SW5TZWNvbmRzIjo3LCJpbWdPcHRNYXhJbnB1dFBpeGVscyI6MjY4NDAyNjg5LCJpbWdPcHRTZXF1ZW50aWFsUmVhZCI6bnVsbCwiaXNyRmx1c2hUb0Rpc2siOnRydWUsIndvcmtlclRocmVhZHMiOmZhbHNlLCJvcHRpbWl6ZUNzcyI6ZmFsc2UsIm5leHRTY3JpcHRXb3JrZXJzIjpmYWxzZSwic2Nyb2xsUmVzdG9yYXRpb24iOmZhbHNlLCJleHRlcm5hbERpciI6ZmFsc2UsImRpc2FibGVPcHRpbWl6ZWRMb2FkaW5nIjpmYWxzZSwiZ3ppcFNpemUiOnRydWUsImNyYUNvbXBhdCI6ZmFsc2UsImVzbUV4dGVybmFscyI6dHJ1ZSwiZnVsbHlTcGVjaWZpZWQiOmZhbHNlLCJzd2NUcmFjZVByb2ZpbGluZyI6ZmFsc2UsImZvcmNlU3djVHJhbnNmb3JtcyI6ZmFsc2UsImxhcmdlUGFnZURhdGFCeXRlcyI6MTI4MDAwLCJ0dXJibyI6eyJyb290IjoiL1ZvbHVtZXMvYWtpL3dvcmtzcGFjZS90dG5fZXJkIn0sInR5cGVkUm91dGVzIjpmYWxzZSwidHlwZWRFbnYiOmZhbHNlLCJwYXJhbGxlbFNlcnZlckNvbXBpbGVzIjpmYWxzZSwicGFyYWxsZWxTZXJ2ZXJCdWlsZFRyYWNlcyI6ZmFsc2UsInBwciI6ZmFsc2UsImF1dGhJbnRlcnJ1cHRzIjpmYWxzZSwicmVhY3RPd25lclN0YWNrIjpmYWxzZSwid2VicGFja01lbW9yeU9wdGltaXphdGlvbnMiOmZhbHNlLCJvcHRpbWl6ZVNlcnZlclJlYWN0Ijp0cnVlLCJ1c2VFYXJseUltcG9ydCI6ZmFsc2UsInN0YWxlVGltZXMiOnsiZHluYW1pYyI6MCwic3RhdGljIjozMDB9LCJzZXJ2ZXJDb21wb25lbnRzSG1yQ2FjaGUiOnRydWUsInN0YXRpY0dlbmVyYXRpb25NYXhDb25jdXJyZW5jeSI6OCwic3RhdGljR2VuZXJhdGlvbk1pblBhZ2VzUGVyV29ya2VyIjoyNSwiZHluYW1pY0lPIjpmYWxzZSwiaW5saW5lQ3NzIjpmYWxzZSwib3B0aW1pemVQYWNrYWdlSW1wb3J0cyI6WyJsdWNpZGUtcmVhY3QiLCJkYXRlLWZucyIsImxvZGFzaC1lcyIsInJhbWRhIiwiYW50ZCIsInJlYWN0LWJvb3RzdHJhcCIsImFob29rcyIsIkBhbnQtZGVzaWduL2ljb25zIiwiQGhlYWRsZXNzdWkvcmVhY3QiLCJAaGVhZGxlc3N1aS1mbG9hdC9yZWFjdCIsIkBoZXJvaWNvbnMvcmVhY3QvMjAvc29saWQiLCJAaGVyb2ljb25zL3JlYWN0LzI0L3NvbGlkIiwiQGhlcm9pY29ucy9yZWFjdC8yNC9vdXRsaW5lIiwiQHZpc3gvdmlzeCIsIkB0cmVtb3IvcmVhY3QiLCJyeGpzIiwiQG11aS9tYXRlcmlhbCIsIkBtdWkvaWNvbnMtbWF0ZXJpYWwiLCJyZWNoYXJ0cyIsInJlYWN0LXVzZSIsImVmZmVjdCIsIkBlZmZlY3Qvc2NoZW1hIiwiQGVmZmVjdC9wbGF0Zm9ybSIsIkBlZmZlY3QvcGxhdGZvcm0tbm9kZSIsIkBlZmZlY3QvcGxhdGZvcm0tYnJvd3NlciIsIkBlZmZlY3QvcGxhdGZvcm0tYnVuIiwiQGVmZmVjdC9zcWwiLCJAZWZmZWN0L3NxbC1tc3NxbCIsIkBlZmZlY3Qvc3FsLW15c3FsMiIsIkBlZmZlY3Qvc3FsLXBnIiwiQGVmZmVjdC9zcWwtc3F1bGl0ZS1ub2RlIiwiQGVmZmVjdC9zcWwtc3F1bGl0ZS1idW4iLCJAZWZmZWN0L3NxbC1zcXVsaXRlLXdhc20iLCJAZWZmZWN0L3NxbC1zcXVsaXRlLXJlYWN0LW5hdGl2ZSIsIkBlZmZlY3QvcnBjIiwiQGVmZmVjdC9ycGMtaHR0cCIsIkBlZmZlY3QvdHlwZWNsYXNzIiwiQGVmZmVjdC9leHBlcmltZW50YWwiLCJAZWZmZWN0L29wZW50ZWxlbWV0cnkiLCJAbWF0ZXJpYWwtdWkvY29yZSIsIkBtYXRlcmlhbC11aS9pY29ucyIsIkB0YWJsZXIvaWNvbnMtcmVhY3QiLCJtdWktY29yZSIsInJlYWN0LWljb25zL2FpIiwicmVhY3QtaWNvbnMvYmkiLCJyZWFjdC1pY29ucy9icyIsInJlYWN0LWljb25zL2NnIiwicmVhY3QtaWNvbnMvY2kiLCJyZWFjdC1pY29ucy9kaSIsInJlYWN0LWljb25zL2ZhIiwicmVhY3QtaWNvbnMvZmE2IiwicmVhY3QtaWNvbnMvZmMiLCJyZWFjdC1pY29ucy9maSIsInJlYWN0LWljb25zL2dpIiwicmVhY3QtaWNvbnMvZ28iLCJyZWFjdC1pY29ucy9nciIsInJlYWN0LWljb25zL2hpIiwicmVhY3QtaWNvbnMvaGkyIiwicmVhY3QtaWNvbnMvaW0iLCJyZWFjdC1pY29ucy9pbyIsInJlYWN0LWljb25zL2lvNSIsInJlYWN0LWljb25zL2xpYSIsInJlYWN0LWljb25zL2xpYiIsInJlYWN0LWljb25zL2x1IiwicmVhY3QtaWNvbnMvbWQiLCJyZWFjdC1pY29ucy9waSIsInJlYWN0LWljb25zL3JpIiwicmVhY3QtaWNvbnMvcngiLCJyZWFjdC1pY29ucy9zaSIsInJlYWN0LWljb25zL3NsIiwicmVhY3QtaWNvbnMvdGIiLCJyZWFjdC1pY29ucy90ZmkiLCJyZWFjdC1pY29ucy90aSIsInJlYWN0LWljb25zL3ZzYyIsInJlYWN0LWljb25zL3dpIl19LCJidW5kbGVQYWdlc1JvdXRlckRlcGVuZGVuY2llcyI6ZmFsc2UsImNvbmZpZ0ZpbGUiOiIvVm9sdW1lcy9ha2kvd29ya3NwYWNlL3R0bl9lcmQvbmV4dC5jb25maWcudHMiLCJjb25maWdGaWxlTmFtZSI6Im5leHQuY29uZmlnLnRzIn0%3D&preferredRegion=&middlewareConfig=e30%3D!

./node_modules/@firebase/database-compat/dist/index.standalone.js:9:1
Module not found: Can't resolve 'crypto'
   7 | var require$$1 = require('events');
   8 | var require$$0$1 = require('stream');
>  9 | var require$$1$1 = require('crypto');
     | ^
  10 | var require$$2$1 = require('url');
  11 | var require$$0$2 = require('assert');
  12 | var require$$1$2 = require('net');

https://nextjs.org/docs/messages/module-not-found

Import trace for requested module:
./node_modules/firebase-admin/lib/app/firebase-namespace.js
./node_modules/firebase-admin/lib/default-namespace.js
./node_modules/firebase-admin/lib/index.js
./lib/firebase/admin.ts
./app/api/auth/verify/route.ts
./node_modules/next/dist/build/webpack/loaders/next-edge-app-route-loader/index.js?absolutePagePath=private-next-app-dir%2Fapi%2Fauth%2Fverify%2Froute.ts&page=%2Fapi%2Fauth%2Fverify%2Froute&appDirLoader=bmV4dC1hcHAtbG9hZGVyP25hbWU9YXBwJTJGYXBpJTJGYXV0aCUyRnZlcmlmeSUyRnJvdXRlJnBhZ2U9JTJGYXBpJTJGYXV0aCUyRnZlcmlmeSUyRnJvdXRlJnBhZ2VQYXRoPXByaXZhdGUtbmV4dC1hcHAtZGlyJTJGYXBpJTJGYXV0aCUyRnZlcmlmeSUyRnJvdXRlLnRzJmFwcERpcj0lMkZWb2x1bWVzJTJGYWtpJTJGd29ya3NwYWNlJTJGdHRuX2VyZCUyRmFwcCZhcHBQYXRocz0lMkZhcGklMkZhdXRoJTJGdmVyaWZ5JTJGcm91dGUmcGFnZUV4dGVuc2lvbnM9dHN4JnBhZ2VFeHRlbnNpb25zPXRzJnBhZ2VFeHRlbnNpb25zPWpzeCZwYWdlRXh0ZW5zaW9ucz1qcyZiYXNlUGF0aD0mYXNzZXRQcmVmaXg9Jm5leHRDb25maWdPdXRwdXQ9JnByZWZlcnJlZFJlZ2lvbj0mbWlkZGxld2FyZUNvbmZpZz1lMzAlM0Qh&nextConfig=eyJlbnYiOnt9LCJ3ZWJwYWNrIjpudWxsLCJlc2xpbnQiOnsiaWdub3JlRHVyaW5nQnVpbGRzIjpmYWxzZX0sInR5cGVzY3JpcHQiOnsiaWdub3JlQnVpbGRFcnJvcnMiOmZhbHNlLCJ0c2NvbmZpZ1BhdGgiOiJ0c2NvbmZpZy5qc29uIn0sImRpc3REaXIiOiIubmV4dCIsImNsZWFuRGlzdERpciI6dHJ1ZSwiYXNzZXRQcmVmaXgiOiIiLCJjYWNoZU1heE1lbW9yeVNpemUiOjUyNDI4ODAwLCJjb25maWdPcmlnaW4iOiJuZXh0LmNvbmZpZy50cyIsInVzZUZpbGVTeXN0ZW1QdWJsaWNSb3V0ZXMiOnRydWUsImdlbmVyYXRlRXRhZ3MiOnRydWUsInBhZ2VFeHRlbnNpb25zIjpbInRzeCIsInRzIiwianN4IiwianMiXSwicG93ZXJlZEJ5SGVhZGVyIjp0cnVlLCJjb21wcmVzcyI6dHJ1ZSwiaW1hZ2VzIjp7ImRldmljZVNpemVzIjpbNjQwLDc1MCw4MjgsMTA4MCwxMjAwLDE5MjAsMjA0OCwzODQwXSwiaW1hZ2VTaXplcyI6WzE2LDMyLDQ4LDY0LDk2LDEyOCwyNTYsMzg0XSwicGF0aCI6Ii9fbmV4dC9pbWFnZSIsImxvYWRlciI6ImRlZmF1bHQiLCJsb2FkZXJGaWxlIjoiIiwiZG9tYWlucyI6W10sImRpc2FibGVTdGF0aWNJbWFnZXMiOmZhbHNlLCJtaW5pbXVtQ2FjaGVUVEwiOjYwLCJmb3JtYXRzIjpbImltYWdlL3dlYnAiXSwiZGFuZ2Vyb3VzbHlBbGxvd1NWRyI6ZmFsc2UsImNvbnRlbnRTZWN1cml0eVBvbGljeSI6InNjcmlwdC1zcmMgJ25vbmUnOyBmcmFtZS1zcmMgJ25vbmUnOyBzYW5kYm94OyIsImNvbnRlbnREaXNwb3NpdGlvblR5cGUiOiJhdHRhY2htZW50IiwicmVtb3RlUGF0dGVybnMiOltdLCJ1bm9wdGltaXplZCI6ZmFsc2V9LCJkZXZJbmRpY2F0b3JzIjp7ImFwcElzclN0YXR1cyI6dHJ1ZSwiYnVpbGRBY3Rpdml0eSI6dHJ1ZSwiYnVpbGRBY3Rpdml0eVBvc2l0aW9uIjoiYm90dG9tLXJpZ2h0In0sIm9uRGVtYW5kRW50cmllcyI6eyJtYXhJbmFjdGl2ZUFnZSI6NjAwMDAsInBhZ2VzQnVmZmVyTGVuZ3RoIjo1fSwiYW1wIjp7ImNhbm9uaWNhbEJhc2UiOiIifSwiYmFzZVBhdGgiOiIiLCJzYXNzT3B0aW9ucyI6e30sInRyYWlsaW5nU2xhc2giOmZhbHNlLCJpMThuIjpudWxsLCJwcm9kdWN0aW9uQnJvd3NlclNvdXJjZU1hcHMiOmZhbHNlLCJleGNsdWRlRGVmYXVsdE1vbWVudExvY2FsZXMiOnRydWUsInNlcnZlclJ1bnRpbWVDb25maWciOnt9LCJwdWJsaWNSdW50aW1lQ29uZmlnIjp7fSwicmVhY3RQcm9kdWN0aW9uUHJvZmlsaW5nIjpmYWxzZSwicmVhY3RTdHJpY3RNb2RlIjp0cnVlLCJyZWFjdE1heEhlYWRlcnNMZW5ndGgiOjYwMDAsImh0dHBBZ2VudE9wdGlvbnMiOnsia2VlcEFsaXZlIjp0cnVlfSwibG9nZ2luZyI6e30sImV4cGlyZVRpbWUiOjMxNTM2MDAwLCJzdGF0aWNQYWdlR2VuZXJhdGlvblRpbWVvdXQiOjYwLCJtb2R1bGFyaXplSW1wb3J0cyI6eyJAbXVpL2ljb25zLW1hdGVyaWFsIjp7InRyYW5zZm9ybSI6IkBtdWkvaWNvbnMtbWF0ZXJpYWwve3ttZW1iZXJ9fSJ9LCJsb2Rhc2giOnsidHJhbnNmb3JtIjoibG9kYXNoL3t7bWVtYmVyfX0ifX0sIm91dHB1dEZpbGVUcmFjaW5nUm9vdCI6Ii9Wb2x1bWVzL2FraS93b3Jrc3BhY2UvdHRuX2VyZCIsImV4cGVyaW1lbnRhbCI6eyJjYWNoZUxpZmUiOnsiZGVmYXVsdCI6eyJzdGFsZSI6MzAwLCJyZXZhbGlkYXRlIjo5MDAsImV4cGlyZSI6NDI5NDk2NzI5NH0sInNlY29uZHMiOnsic3RhbGUiOjAsInJldmFsaWRhdGUiOjEsImV4cGlyZSI6NjB9LCJtaW51dGVzIjp7InN0YWxlIjozMDAsInJldmFsaWRhdGUiOjYwLCJleHBpcmUiOjM2MDB9LCJob3VycyI6eyJzdGFsZSI6MzAwLCJyZXZhbGlkYXRlIjozNjAwLCJleHBpcmUiOjg2NDAwfSwiZGF5cyI6eyJzdGFsZSI6MzAwLCJyZXZhbGlkYXRlIjo4NjQwMCwiZXhwaXJlIjo2MDQ4MDB9LCJ3ZWVrcyI6eyJzdGFsZSI6MzAwLCJyZXZhbGlkYXRlIjo2MDQ4MDAsImV4cGlyZSI6MjU5MjAwMH0sIm1heCI6eyJzdGFsZSI6MzAwLCJyZXZhbGlkYXRlIjoyNTkyMDAwLCJleHBpcmUiOjQyOTQ5NjcyOTR9fSwiY2FjaGVIYW5kbGVycyI6e30sImNzc0NodW5raW5nIjp0cnVlLCJtdWx0aVpvbmVEcmFmdE1vZGUiOmZhbHNlLCJhcHBOYXZGYWlsSGFuZGxpbmciOmZhbHNlLCJwcmVyZW5kZXJFYXJseUV4aXQiOnRydWUsInNlcnZlck1pbmlmaWNhdGlvbiI6dHJ1ZSwic2VydmVyU291cmNlTWFwcyI6ZmFsc2UsImxpbmtOb1RvdWNoU3RhcnQiOmZhbHNlLCJjYXNlU2Vuc2l0aXZlUm91dGVzIjpmYWxzZSwiY2xpZW50U2VnbWVudENhY2hlIjpmYWxzZSwicHJlbG9hZEVudHJpZXNPblN0YXJ0Ijp0cnVlLCJjbGllbnRSb3V0ZXJGaWx0ZXIiOnRydWUsImNsaWVudFJvdXRlckZpbHRlclJlZGlyZWN0cyI6ZmFsc2UsImZldGNoQ2FjaGVLZXlQcmVmaXgiOiIiLCJtaWRkbGV3YXJlUHJlZmV0Y2giOiJmbGV4aWJsZSIsIm9wdGltaXN0aWNDbGllbnRDYWNoZSI6dHJ1ZSwibWFudWFsQ2xpZW50QmFzZVBhdGgiOmZhbHNlLCJjcHVzIjo5LCJtZW1vcnlCYXNlZFdvcmtlcnNDb3VudCI6ZmFsc2UsImltZ09wdENvbmN1cnJlbmN5IjpudWxsLCJpbWdPcHRUaW1lb3V0SW5TZWNvbmRzIjo3LCJpbWdPcHRNYXhJbnB1dFBpeGVscyI6MjY4NDAyNjg5LCJpbWdPcHRTZXF1ZW50aWFsUmVhZCI6bnVsbCwiaXNyRmx1c2hUb0Rpc2siOnRydWUsIndvcmtlclRocmVhZHMiOmZhbHNlLCJvcHRpbWl6ZUNzcyI6ZmFsc2UsIm5leHRTY3JpcHRXb3JrZXJzIjpmYWxzZSwic2Nyb2xsUmVzdG9yYXRpb24iOmZhbHNlLCJleHRlcm5hbERpciI6ZmFsc2UsImRpc2FibGVPcHRpbWl6ZWRMb2FkaW5nIjpmYWxzZSwiZ3ppcFNpemUiOnRydWUsImNyYUNvbXBhdCI6ZmFsc2UsImVzbUV4dGVybmFscyI6dHJ1ZSwiZnVsbHlTcGVjaWZpZWQiOmZhbHNlLCJzd2NUcmFjZVByb2ZpbGluZyI6ZmFsc2UsImZvcmNlU3djVHJhbnNmb3JtcyI6ZmFsc2UsImxhcmdlUGFnZURhdGFCeXRlcyI6MTI4MDAwLCJ0dXJibyI6eyJyb290IjoiL1ZvbHVtZXMvYWtpL3dvcmtzcGFjZS90dG5fZXJkIn0sInR5cGVkUm91dGVzIjpmYWxzZSwidHlwZWRFbnYiOmZhbHNlLCJwYXJhbGxlbFNlcnZlckNvbXBpbGVzIjpmYWxzZSwicGFyYWxsZWxTZXJ2ZXJCdWlsZFRyYWNlcyI6ZmFsc2UsInBwciI6ZmFsc2UsImF1dGhJbnRlcnJ1cHRzIjpmYWxzZSwicmVhY3RPd25lclN0YWNrIjpmYWxzZSwid2VicGFja01lbW9yeU9wdGltaXphdGlvbnMiOmZhbHNlLCJvcHRpbWl6ZVNlcnZlclJlYWN0Ijp0cnVlLCJ1c2VFYXJseUltcG9ydCI6ZmFsc2UsInN0YWxlVGltZXMiOnsiZHluYW1pYyI6MCwic3RhdGljIjozMDB9LCJzZXJ2ZXJDb21wb25lbnRzSG1yQ2FjaGUiOnRydWUsInN0YXRpY0dlbmVyYXRpb25NYXhDb25jdXJyZW5jeSI6OCwic3RhdGljR2VuZXJhdGlvbk1pblBhZ2VzUGVyV29ya2VyIjoyNSwiZHluYW1pY0lPIjpmYWxzZSwiaW5saW5lQ3NzIjpmYWxzZSwib3B0aW1pemVQYWNrYWdlSW1wb3J0cyI6WyJsdWNpZGUtcmVhY3QiLCJkYXRlLWZucyIsImxvZGFzaC1lcyIsInJhbWRhIiwiYW50ZCIsInJlYWN0LWJvb3RzdHJhcCIsImFob29rcyIsIkBhbnQtZGVzaWduL2ljb25zIiwiQGhlYWRsZXNzdWkvcmVhY3QiLCJAaGVhZGxlc3N1aS1mbG9hdC9yZWFjdCIsIkBoZXJvaWNvbnMvcmVhY3QvMjAvc29saWQiLCJAaGVyb2ljb25zL3JlYWN0LzI0L3NvbGlkIiwiQGhlcm9pY29ucy9yZWFjdC8yNC9vdXRsaW5lIiwiQHZpc3gvdmlzeCIsIkB0cmVtb3IvcmVhY3QiLCJyeGpzIiwiQG11aS9tYXRlcmlhbCIsIkBtdWkvaWNvbnMtbWF0ZXJpYWwiLCJyZWNoYXJ0cyIsInJlYWN0LXVzZSIsImVmZmVjdCIsIkBlZmZlY3Qvc2NoZW1hIiwiQGVmZmVjdC9wbGF0Zm9ybSIsIkBlZmZlY3QvcGxhdGZvcm0tbm9kZSIsIkBlZmZlY3QvcGxhdGZvcm0tYnJvd3NlciIsIkBlZmZlY3QvcGxhdGZvcm0tYnVuIiwiQGVmZmVjdC9zcWwiLCJAZWZmZWN0L3NxbC1tc3NxbCIsIkBlZmZlY3Qvc3FsLW15c3FsMiIsIkBlZmZlY3Qvc3FsLXBnIiwiQGVmZmVjdC9zcWwtc3F1bGl0ZS1ub2RlIiwiQGVmZmVjdC9zcWwtc3F1bGl0ZS1idW4iLCJAZWZmZWN0L3NxbC1zcXVsaXRlLXdhc20iLCJAZWZmZWN0L3NxbC1zcXVsaXRlLXJlYWN0LW5hdGl2ZSIsIkBlZmZlY3QvcnBjIiwiQGVmZmVjdC9ycGMtaHR0cCIsIkBlZmZlY3QvdHlwZWNsYXNzIiwiQGVmZmVjdC9leHBlcmltZW50YWwiLCJAZWZmZWN0L29wZW50ZWxlbWV0cnkiLCJAbWF0ZXJpYWwtdWkvY29yZSIsIkBtYXRlcmlhbC11aS9pY29ucyIsIkB0YWJsZXIvaWNvbnMtcmVhY3QiLCJtdWktY29yZSIsInJlYWN0LWljb25zL2FpIiwicmVhY3QtaWNvbnMvYmkiLCJyZWFjdC1pY29ucy9icyIsInJlYWN0LWljb25zL2NnIiwicmVhY3QtaWNvbnMvY2kiLCJyZWFjdC1pY29ucy9kaSIsInJlYWN0LWljb25zL2ZhIiwicmVhY3QtaWNvbnMvZmE2IiwicmVhY3QtaWNvbnMvZmMiLCJyZWFjdC1pY29ucy9maSIsInJlYWN0LWljb25zL2dpIiwicmVhY3QtaWNvbnMvZ28iLCJyZWFjdC1pY29ucy9nciIsInJlYWN0LWljb25zL2hpIiwicmVhY3QtaWNvbnMvaGkyIiwicmVhY3QtaWNvbnMvaW0iLCJyZWFjdC1pY29ucy9pbyIsInJlYWN0LWljb25zL2lvNSIsInJlYWN0LWljb25zL2xpYSIsInJlYWN0LWljb25zL2xpYiIsInJlYWN0LWljb25zL2x1IiwicmVhY3QtaWNvbnMvbWQiLCJyZWFjdC1pY29ucy9waSIsInJlYWN0LWljb25zL3JpIiwicmVhY3QtaWNvbnMvcngiLCJyZWFjdC1pY29ucy9zaSIsInJlYWN0LWljb25zL3NsIiwicmVhY3QtaWNvbnMvdGIiLCJyZWFjdC1pY29ucy90ZmkiLCJyZWFjdC1pY29ucy90aSIsInJlYWN0LWljb25zL3ZzYyIsInJlYWN0LWljb25zL3dpIl19LCJidW5kbGVQYWdlc1JvdXRlckRlcGVuZGVuY2llcyI6ZmFsc2UsImNvbmZpZ0ZpbGUiOiIvVm9sdW1lcy9ha2kvd29ya3NwYWNlL3R0bl9lcmQvbmV4dC5jb25maWcudHMiLCJjb25maWdGaWxlTmFtZSI6Im5leHQuY29uZmlnLnRzIn0%3D&preferredRegion=&middlewareConfig=e30%3D!

./node_modules/@firebase/database-compat/dist/index.standalone.js:12:1
Module not found: Can't resolve 'net'
  10 | var require$$2$1 = require('url');
  11 | var require$$0$2 = require('assert');
> 12 | var require$$1$2 = require('net');
     | ^
  13 | var require$$2$2 = require('tls');
  14 | var require$$1$3 = require('@firebase/util');
  15 | var require$$2$3 = require('tslib');

https://nextjs.org/docs/messages/module-not-found

Import trace for requested module:
./node_modules/firebase-admin/lib/app/firebase-namespace.js
./node_modules/firebase-admin/lib/default-namespace.js
./node_modules/firebase-admin/lib/index.js
./lib/firebase/admin.ts
./app/api/auth/verify/route.ts
./node_modules/next/dist/build/webpack/loaders/next-edge-app-route-loader/index.js?absolutePagePath=private-next-app-dir%2Fapi%2Fauth%2Fverify%2Froute.ts&page=%2Fapi%2Fauth%2Fverify%2Froute&appDirLoader=bmV4dC1hcHAtbG9hZGVyP25hbWU9YXBwJTJGYXBpJTJGYXV0aCUyRnZlcmlmeSUyRnJvdXRlJnBhZ2U9JTJGYXBpJTJGYXV0aCUyRnZlcmlmeSUyRnJvdXRlJnBhZ2VQYXRoPXByaXZhdGUtbmV4dC1hcHAtZGlyJTJGYXBpJTJGYXV0aCUyRnZlcmlmeSUyRnJvdXRlLnRzJmFwcERpcj0lMkZWb2x1bWVzJTJGYWtpJTJGd29ya3NwYWNlJTJGdHRuX2VyZCUyRmFwcCZhcHBQYXRocz0lMkZhcGklMkZhdXRoJTJGdmVyaWZ5JTJGcm91dGUmcGFnZUV4dGVuc2lvbnM9dHN4JnBhZ2VFeHRlbnNpb25zPXRzJnBhZ2VFeHRlbnNpb25zPWpzeCZwYWdlRXh0ZW5zaW9ucz1qcyZiYXNlUGF0aD0mYXNzZXRQcmVmaXg9Jm5leHRDb25maWdPdXRwdXQ9JnByZWZlcnJlZFJlZ2lvbj0mbWlkZGxld2FyZUNvbmZpZz1lMzAlM0Qh&nextConfig=eyJlbnYiOnt9LCJ3ZWJwYWNrIjpudWxsLCJlc2xpbnQiOnsiaWdub3JlRHVyaW5nQnVpbGRzIjpmYWxzZX0sInR5cGVzY3JpcHQiOnsiaWdub3JlQnVpbGRFcnJvcnMiOmZhbHNlLCJ0c2NvbmZpZ1BhdGgiOiJ0c2NvbmZpZy5qc29uIn0sImRpc3REaXIiOiIubmV4dCIsImNsZWFuRGlzdERpciI6dHJ1ZSwiYXNzZXRQcmVmaXgiOiIiLCJjYWNoZU1heE1lbW9yeVNpemUiOjUyNDI4ODAwLCJjb25maWdPcmlnaW4iOiJuZXh0LmNvbmZpZy50cyIsInVzZUZpbGVTeXN0ZW1QdWJsaWNSb3V0ZXMiOnRydWUsImdlbmVyYXRlRXRhZ3MiOnRydWUsInBhZ2VFeHRlbnNpb25zIjpbInRzeCIsInRzIiwianN4IiwianMiXSwicG93ZXJlZEJ5SGVhZGVyIjp0cnVlLCJjb21wcmVzcyI6dHJ1ZSwiaW1hZ2VzIjp7ImRldmljZVNpemVzIjpbNjQwLDc1MCw4MjgsMTA4MCwxMjAwLDE5MjAsMjA0OCwzODQwXSwiaW1hZ2VTaXplcyI6WzE2LDMyLDQ4LDY0LDk2LDEyOCwyNTYsMzg0XSwicGF0aCI6Ii9fbmV4dC9pbWFnZSIsImxvYWRlciI6ImRlZmF1bHQiLCJsb2FkZXJGaWxlIjoiIiwiZG9tYWlucyI6W10sImRpc2FibGVTdGF0aWNJbWFnZXMiOmZhbHNlLCJtaW5pbXVtQ2FjaGVUVEwiOjYwLCJmb3JtYXRzIjpbImltYWdlL3dlYnAiXSwiZGFuZ2Vyb3VzbHlBbGxvd1NWRyI6ZmFsc2UsImNvbnRlbnRTZWN1cml0eVBvbGljeSI6InNjcmlwdC1zcmMgJ25vbmUnOyBmcmFtZS1zcmMgJ25vbmUnOyBzYW5kYm94OyIsImNvbnRlbnREaXNwb3NpdGlvblR5cGUiOiJhdHRhY2htZW50IiwicmVtb3RlUGF0dGVybnMiOltdLCJ1bm9wdGltaXplZCI6ZmFsc2V9LCJkZXZJbmRpY2F0b3JzIjp7ImFwcElzclN0YXR1cyI6dHJ1ZSwiYnVpbGRBY3Rpdml0eSI6dHJ1ZSwiYnVpbGRBY3Rpdml0eVBvc2l0aW9uIjoiYm90dG9tLXJpZ2h0In0sIm9uRGVtYW5kRW50cmllcyI6eyJtYXhJbmFjdGl2ZUFnZSI6NjAwMDAsInBhZ2VzQnVmZmVyTGVuZ3RoIjo1fSwiYW1wIjp7ImNhbm9uaWNhbEJhc2UiOiIifSwiYmFzZVBhdGgiOiIiLCJzYXNzT3B0aW9ucyI6e30sInRyYWlsaW5nU2xhc2giOmZhbHNlLCJpMThuIjpudWxsLCJwcm9kdWN0aW9uQnJvd3NlclNvdXJjZU1hcHMiOmZhbHNlLCJleGNsdWRlRGVmYXVsdE1vbWVudExvY2FsZXMiOnRydWUsInNlcnZlclJ1bnRpbWVDb25maWciOnt9LCJwdWJsaWNSdW50aW1lQ29uZmlnIjp7fSwicmVhY3RQcm9kdWN0aW9uUHJvZmlsaW5nIjpmYWxzZSwicmVhY3RTdHJpY3RNb2RlIjp0cnVlLCJyZWFjdE1heEhlYWRlcnNMZW5ndGgiOjYwMDAsImh0dHBBZ2VudE9wdGlvbnMiOnsia2VlcEFsaXZlIjp0cnVlfSwibG9nZ2luZyI6e30sImV4cGlyZVRpbWUiOjMxNTM2MDAwLCJzdGF0aWNQYWdlR2VuZXJhdGlvblRpbWVvdXQiOjYwLCJtb2R1bGFyaXplSW1wb3J0cyI6eyJAbXVpL2ljb25zLW1hdGVyaWFsIjp7InRyYW5zZm9ybSI6IkBtdWkvaWNvbnMtbWF0ZXJpYWwve3ttZW1iZXJ9fSJ9LCJsb2Rhc2giOnsidHJhbnNmb3JtIjoibG9kYXNoL3t7bWVtYmVyfX0ifX0sIm91dHB1dEZpbGVUcmFjaW5nUm9vdCI6Ii9Wb2x1bWVzL2FraS93b3Jrc3BhY2UvdHRuX2VyZCIsImV4cGVyaW1lbnRhbCI6eyJjYWNoZUxpZmUiOnsiZGVmYXVsdCI6eyJzdGFsZSI6MzAwLCJyZXZhbGlkYXRlIjo5MDAsImV4cGlyZSI6NDI5NDk2NzI5NH0sInNlY29uZHMiOnsic3RhbGUiOjAsInJldmFsaWRhdGUiOjEsImV4cGlyZSI6NjB9LCJtaW51dGVzIjp7InN0YWxlIjozMDAsInJldmFsaWRhdGUiOjYwLCJleHBpcmUiOjM2MDB9LCJob3VycyI6eyJzdGFsZSI6MzAwLCJyZXZhbGlkYXRlIjozNjAwLCJleHBpcmUiOjg2NDAwfSwiZGF5cyI6eyJzdGFsZSI6MzAwLCJyZXZhbGlkYXRlIjo4NjQwMCwiZXhwaXJlIjo2MDQ4MDB9LCJ3ZWVrcyI6eyJzdGFsZSI6MzAwLCJyZXZhbGlkYXRlIjo2MDQ4MDAsImV4cGlyZSI6MjU5MjAwMH0sIm1heCI6eyJzdGFsZSI6MzAwLCJyZXZhbGlkYXRlIjoyNTkyMDAwLCJleHBpcmUiOjQyOTQ5NjcyOTR9fSwiY2FjaGVIYW5kbGVycyI6e30sImNzc0NodW5raW5nIjp0cnVlLCJtdWx0aVpvbmVEcmFmdE1vZGUiOmZhbHNlLCJhcHBOYXZGYWlsSGFuZGxpbmciOmZhbHNlLCJwcmVyZW5kZXJFYXJseUV4aXQiOnRydWUsInNlcnZlck1pbmlmaWNhdGlvbiI6dHJ1ZSwic2VydmVyU291cmNlTWFwcyI6ZmFsc2UsImxpbmtOb1RvdWNoU3RhcnQiOmZhbHNlLCJjYXNlU2Vuc2l0aXZlUm91dGVzIjpmYWxzZSwiY2xpZW50U2VnbWVudENhY2hlIjpmYWxzZSwicHJlbG9hZEVudHJpZXNPblN0YXJ0Ijp0cnVlLCJjbGllbnRSb3V0ZXJGaWx0ZXIiOnRydWUsImNsaWVudFJvdXRlckZpbHRlclJlZGlyZWN0cyI6ZmFsc2UsImZldGNoQ2FjaGVLZXlQcmVmaXgiOiIiLCJtaWRkbGV3YXJlUHJlZmV0Y2giOiJmbGV4aWJsZSIsIm9wdGltaXN0aWNDbGllbnRDYWNoZSI6dHJ1ZSwibWFudWFsQ2xpZW50QmFzZVBhdGgiOmZhbHNlLCJjcHVzIjo5LCJtZW1vcnlCYXNlZFdvcmtlcnNDb3VudCI6ZmFsc2UsImltZ09wdENvbmN1cnJlbmN5IjpudWxsLCJpbWdPcHRUaW1lb3V0SW5TZWNvbmRzIjo3LCJpbWdPcHRNYXhJbnB1dFBpeGVscyI6MjY4NDAyNjg5LCJpbWdPcHRTZXF1ZW50aWFsUmVhZCI6bnVsbCwiaXNyRmx1c2hUb0Rpc2siOnRydWUsIndvcmtlclRocmVhZHMiOmZhbHNlLCJvcHRpbWl6ZUNzcyI6ZmFsc2UsIm5leHRTY3JpcHRXb3JrZXJzIjpmYWxzZSwic2Nyb2xsUmVzdG9yYXRpb24iOmZhbHNlLCJleHRlcm5hbERpciI6ZmFsc2UsImRpc2FibGVPcHRpbWl6ZWRMb2FkaW5nIjpmYWxzZSwiZ3ppcFNpemUiOnRydWUsImNyYUNvbXBhdCI6ZmFsc2UsImVzbUV4dGVybmFscyI6dHJ1ZSwiZnVsbHlTcGVjaWZpZWQiOmZhbHNlLCJzd2NUcmFjZVByb2ZpbGluZyI6ZmFsc2UsImZvcmNlU3djVHJhbnNmb3JtcyI6ZmFsc2UsImxhcmdlUGFnZURhdGFCeXRlcyI6MTI4MDAwLCJ0dXJibyI6eyJyb290IjoiL1ZvbHVtZXMvYWtpL3dvcmtzcGFjZS90dG5fZXJkIn0sInR5cGVkUm91dGVzIjpmYWxzZSwidHlwZWRFbnYiOmZhbHNlLCJwYXJhbGxlbFNlcnZlckNvbXBpbGVzIjpmYWxzZSwicGFyYWxsZWxTZXJ2ZXJCdWlsZFRyYWNlcyI6ZmFsc2UsInBwciI6ZmFsc2UsImF1dGhJbnRlcnJ1cHRzIjpmYWxzZSwicmVhY3RPd25lclN0YWNrIjpmYWxzZSwid2VicGFja01lbW9yeU9wdGltaXphdGlvbnMiOmZhbHNlLCJvcHRpbWl6ZVNlcnZlclJlYWN0Ijp0cnVlLCJ1c2VFYXJseUltcG9ydCI6ZmFsc2UsInN0YWxlVGltZXMiOnsiZHluYW1pYyI6MCwic3RhdGljIjozMDB9LCJzZXJ2ZXJDb21wb25lbnRzSG1yQ2FjaGUiOnRydWUsInN0YXRpY0dlbmVyYXRpb25NYXhDb25jdXJyZW5jeSI6OCwic3RhdGljR2VuZXJhdGlvbk1pblBhZ2VzUGVyV29ya2VyIjoyNSwiZHluYW1pY0lPIjpmYWxzZSwiaW5saW5lQ3NzIjpmYWxzZSwib3B0aW1pemVQYWNrYWdlSW1wb3J0cyI6WyJsdWNpZGUtcmVhY3QiLCJkYXRlLWZucyIsImxvZGFzaC1lcyIsInJhbWRhIiwiYW50ZCIsInJlYWN0LWJvb3RzdHJhcCIsImFob29rcyIsIkBhbnQtZGVzaWduL2ljb25zIiwiQGhlYWRsZXNzdWkvcmVhY3QiLCJAaGVhZGxlc3N1aS1mbG9hdC9yZWFjdCIsIkBoZXJvaWNvbnMvcmVhY3QvMjAvc29saWQiLCJAaGVyb2ljb25zL3JlYWN0LzI0L3NvbGlkIiwiQGhlcm9pY29ucy9yZWFjdC8yNC9vdXRsaW5lIiwiQHZpc3gvdmlzeCIsIkB0cmVtb3IvcmVhY3QiLCJyeGpzIiwiQG11aS9tYXRlcmlhbCIsIkBtdWkvaWNvbnMtbWF0ZXJpYWwiLCJyZWNoYXJ0cyIsInJlYWN0LXVzZSIsImVmZmVjdCIsIkBlZmZlY3Qvc2NoZW1hIiwiQGVmZmVjdC9wbGF0Zm9ybSIsIkBlZmZlY3QvcGxhdGZvcm0tbm9kZSIsIkBlZmZlY3QvcGxhdGZvcm0tYnJvd3NlciIsIkBlZmZlY3QvcGxhdGZvcm0tYnVuIiwiQGVmZmVjdC9zcWwiLCJAZWZmZWN0L3NxbC1tc3NxbCIsIkBlZmZlY3Qvc3FsLW15c3FsMiIsIkBlZmZlY3Qvc3FsLXBnIiwiQGVmZmVjdC9zcWwtc3F1bGl0ZS1ub2RlIiwiQGVmZmVjdC9zcWwtc3F1bGl0ZS1idW4iLCJAZWZmZWN0L3NxbC1zcXVsaXRlLXdhc20iLCJAZWZmZWN0L3NxbC1zcXVsaXRlLXJlYWN0LW5hdGl2ZSIsIkBlZmZlY3QvcnBjIiwiQGVmZmVjdC9ycGMtaHR0cCIsIkBlZmZlY3QvdHlwZWNsYXNzIiwiQGVmZmVjdC9leHBlcmltZW50YWwiLCJAZWZmZWN0L29wZW50ZWxlbWV0cnkiLCJAbWF0ZXJpYWwtdWkvY29yZSIsIkBtYXRlcmlhbC11aS9pY29ucyIsIkB0YWJsZXIvaWNvbnMtcmVhY3QiLCJtdWktY29yZSIsInJlYWN0LWljb25zL2FpIiwicmVhY3QtaWNvbnMvYmkiLCJyZWFjdC1pY29ucy9icyIsInJlYWN0LWljb25zL2NnIiwicmVhY3QtaWNvbnMvY2kiLCJyZWFjdC1pY29ucy9kaSIsInJlYWN0LWljb25zL2ZhIiwicmVhY3QtaWNvbnMvZmE2IiwicmVhY3QtaWNvbnMvZmMiLCJyZWFjdC1pY29ucy9maSIsInJlYWN0LWljb25zL2dpIiwicmVhY3QtaWNvbnMvZ28iLCJyZWFjdC1pY29ucy9nciIsInJlYWN0LWljb25zL2hpIiwicmVhY3QtaWNvbnMvaGkyIiwicmVhY3QtaWNvbnMvaW0iLCJyZWFjdC1pY29ucy9pbyIsInJlYWN0LWljb25zL2lvNSIsInJlYWN0LWljb25zL2xpYSIsInJlYWN0LWljb25zL2xpYiIsInJlYWN0LWljb25zL2x1IiwicmVhY3QtaWNvbnMvbWQiLCJyZWFjdC1pY29ucy9waSIsInJlYWN0LWljb25zL3JpIiwicmVhY3QtaWNvbnMvcngiLCJyZWFjdC1pY29ucy9zaSIsInJlYWN0LWljb25zL3NsIiwicmVhY3QtaWNvbnMvdGIiLCJyZWFjdC1pY29ucy90ZmkiLCJyZWFjdC1pY29ucy90aSIsInJlYWN0LWljb25zL3ZzYyIsInJlYWN0LWljb25zL3dpIl19LCJidW5kbGVQYWdlc1JvdXRlckRlcGVuZGVuY2llcyI6ZmFsc2UsImNvbmZpZ0ZpbGUiOiIvVm9sdW1lcy9ha2kvd29ya3NwYWNlL3R0bl9lcmQvbmV4dC5jb25maWcudHMiLCJjb25maWdGaWxlTmFtZSI6Im5leHQuY29uZmlnLnRzIn0%3D&preferredRegion=&middlewareConfig=e30%3D!

./node_modules/@firebase/database-compat/dist/index.standalone.js:13:1
Module not found: Can't resolve 'tls'
  11 | var require$$0$2 = require('assert');
  12 | var require$$1$2 = require('net');
> 13 | var require$$2$2 = require('tls');
     | ^
  14 | var require$$1$3 = require('@firebase/util');
  15 | var require$$2$3 = require('tslib');
  16 | var require$$3 = require('@firebase/logger');

https://nextjs.org/docs/messages/module-not-found

Import trace for requested module:
./node_modules/firebase-admin/lib/app/firebase-namespace.js
./node_modules/firebase-admin/lib/default-namespace.js
./node_modules/firebase-admin/lib/index.js
./lib/firebase/admin.ts
./app/api/auth/verify/route.ts
./node_modules/next/dist/build/webpack/loaders/next-edge-app-route-loader/index.js?absolutePagePath=private-next-app-dir%2Fapi%2Fauth%2Fverify%2Froute.ts&page=%2Fapi%2Fauth%2Fverify%2Froute&appDirLoader=bmV4dC1hcHAtbG9hZGVyP25hbWU9YXBwJTJGYXBpJTJGYXV0aCUyRnZlcmlmeSUyRnJvdXRlJnBhZ2U9JTJGYXBpJTJGYXV0aCUyRnZlcmlmeSUyRnJvdXRlJnBhZ2VQYXRoPXByaXZhdGUtbmV4dC1hcHAtZGlyJTJGYXBpJTJGYXV0aCUyRnZlcmlmeSUyRnJvdXRlLnRzJmFwcERpcj0lMkZWb2x1bWVzJTJGYWtpJTJGd29ya3NwYWNlJTJGdHRuX2VyZCUyRmFwcCZhcHBQYXRocz0lMkZhcGklMkZhdXRoJTJGdmVyaWZ5JTJGcm91dGUmcGFnZUV4dGVuc2lvbnM9dHN4JnBhZ2VFeHRlbnNpb25zPXRzJnBhZ2VFeHRlbnNpb25zPWpzeCZwYWdlRXh0ZW5zaW9ucz1qcyZiYXNlUGF0aD0mYXNzZXRQcmVmaXg9Jm5leHRDb25maWdPdXRwdXQ9JnByZWZlcnJlZFJlZ2lvbj0mbWlkZGxld2FyZUNvbmZpZz1lMzAlM0Qh&nextConfig=eyJlbnYiOnt9LCJ3ZWJwYWNrIjpudWxsLCJlc2xpbnQiOnsiaWdub3JlRHVyaW5nQnVpbGRzIjpmYWxzZX0sInR5cGVzY3JpcHQiOnsiaWdub3JlQnVpbGRFcnJvcnMiOmZhbHNlLCJ0c2NvbmZpZ1BhdGgiOiJ0c2NvbmZpZy5qc29uIn0sImRpc3REaXIiOiIubmV4dCIsImNsZWFuRGlzdERpciI6dHJ1ZSwiYXNzZXRQcmVmaXgiOiIiLCJjYWNoZU1heE1lbW9yeVNpemUiOjUyNDI4ODAwLCJjb25maWdPcmlnaW4iOiJuZXh0LmNvbmZpZy50cyIsInVzZUZpbGVTeXN0ZW1QdWJsaWNSb3V0ZXMiOnRydWUsImdlbmVyYXRlRXRhZ3MiOnRydWUsInBhZ2VFeHRlbnNpb25zIjpbInRzeCIsInRzIiwianN4IiwianMiXSwicG93ZXJlZEJ5SGVhZGVyIjp0cnVlLCJjb21wcmVzcyI6dHJ1ZSwiaW1hZ2VzIjp7ImRldmljZVNpemVzIjpbNjQwLDc1MCw4MjgsMTA4MCwxMjAwLDE5MjAsMjA0OCwzODQwXSwiaW1hZ2VTaXplcyI6WzE2LDMyLDQ4LDY0LDk2LDEyOCwyNTYsMzg0XSwicGF0aCI6Ii9fbmV4dC9pbWFnZSIsImxvYWRlciI6ImRlZmF1bHQiLCJsb2FkZXJGaWxlIjoiIiwiZG9tYWlucyI6W10sImRpc2FibGVTdGF0aWNJbWFnZXMiOmZhbHNlLCJtaW5pbXVtQ2FjaGVUVEwiOjYwLCJmb3JtYXRzIjpbImltYWdlL3dlYnAiXSwiZGFuZ2Vyb3VzbHlBbGxvd1NWRyI6ZmFsc2UsImNvbnRlbnRTZWN1cml0eVBvbGljeSI6InNjcmlwdC1zcmMgJ25vbmUnOyBmcmFtZS1zcmMgJ25vbmUnOyBzYW5kYm94OyIsImNvbnRlbnREaXNwb3NpdGlvblR5cGUiOiJhdHRhY2htZW50IiwicmVtb3RlUGF0dGVybnMiOltdLCJ1bm9wdGltaXplZCI6ZmFsc2V9LCJkZXZJbmRpY2F0b3JzIjp7ImFwcElzclN0YXR1cyI6dHJ1ZSwiYnVpbGRBY3Rpdml0eSI6dHJ1ZSwiYnVpbGRBY3Rpdml0eVBvc2l0aW9uIjoiYm90dG9tLXJpZ2h0In0sIm9uRGVtYW5kRW50cmllcyI6eyJtYXhJbmFjdGl2ZUFnZSI6NjAwMDAsInBhZ2VzQnVmZmVyTGVuZ3RoIjo1fSwiYW1wIjp7ImNhbm9uaWNhbEJhc2UiOiIifSwiYmFzZVBhdGgiOiIiLCJzYXNzT3B0aW9ucyI6e30sInRyYWlsaW5nU2xhc2giOmZhbHNlLCJpMThuIjpudWxsLCJwcm9kdWN0aW9uQnJvd3NlclNvdXJjZU1hcHMiOmZhbHNlLCJleGNsdWRlRGVmYXVsdE1vbWVudExvY2FsZXMiOnRydWUsInNlcnZlclJ1bnRpbWVDb25maWciOnt9LCJwdWJsaWNSdW50aW1lQ29uZmlnIjp7fSwicmVhY3RQcm9kdWN0aW9uUHJvZmlsaW5nIjpmYWxzZSwicmVhY3RTdHJpY3RNb2RlIjp0cnVlLCJyZWFjdE1heEhlYWRlcnNMZW5ndGgiOjYwMDAsImh0dHBBZ2VudE9wdGlvbnMiOnsia2VlcEFsaXZlIjp0cnVlfSwibG9nZ2luZyI6e30sImV4cGlyZVRpbWUiOjMxNTM2MDAwLCJzdGF0aWNQYWdlR2VuZXJhdGlvblRpbWVvdXQiOjYwLCJtb2R1bGFyaXplSW1wb3J0cyI6eyJAbXVpL2ljb25zLW1hdGVyaWFsIjp7InRyYW5zZm9ybSI6IkBtdWkvaWNvbnMtbWF0ZXJpYWwve3ttZW1iZXJ9fSJ9LCJsb2Rhc2giOnsidHJhbnNmb3JtIjoibG9kYXNoL3t7bWVtYmVyfX0ifX0sIm91dHB1dEZpbGVUcmFjaW5nUm9vdCI6Ii9Wb2x1bWVzL2FraS93b3Jrc3BhY2UvdHRuX2VyZCIsImV4cGVyaW1lbnRhbCI6eyJjYWNoZUxpZmUiOnsiZGVmYXVsdCI6eyJzdGFsZSI6MzAwLCJyZXZhbGlkYXRlIjo5MDAsImV4cGlyZSI6NDI5NDk2NzI5NH0sInNlY29uZHMiOnsic3RhbGUiOjAsInJldmFsaWRhdGUiOjEsImV4cGlyZSI6NjB9LCJtaW51dGVzIjp7InN0YWxlIjozMDAsInJldmFsaWRhdGUiOjYwLCJleHBpcmUiOjM2MDB9LCJob3VycyI6eyJzdGFsZSI6MzAwLCJyZXZhbGlkYXRlIjozNjAwLCJleHBpcmUiOjg2NDAwfSwiZGF5cyI6eyJzdGFsZSI6MzAwLCJyZXZhbGlkYXRlIjo4NjQwMCwiZXhwaXJlIjo2MDQ4MDB9LCJ3ZWVrcyI6eyJzdGFsZSI6MzAwLCJyZXZhbGlkYXRlIjo2MDQ4MDAsImV4cGlyZSI6MjU5MjAwMH0sIm1heCI6eyJzdGFsZSI6MzAwLCJyZXZhbGlkYXRlIjoyNTkyMDAwLCJleHBpcmUiOjQyOTQ5NjcyOTR9fSwiY2FjaGVIYW5kbGVycyI6e30sImNzc0NodW5raW5nIjp0cnVlLCJtdWx0aVpvbmVEcmFmdE1vZGUiOmZhbHNlLCJhcHBOYXZGYWlsSGFuZGxpbmciOmZhbHNlLCJwcmVyZW5kZXJFYXJseUV4aXQiOnRydWUsInNlcnZlck1pbmlmaWNhdGlvbiI6dHJ1ZSwic2VydmVyU291cmNlTWFwcyI6ZmFsc2UsImxpbmtOb1RvdWNoU3RhcnQiOmZhbHNlLCJjYXNlU2Vuc2l0aXZlUm91dGVzIjpmYWxzZSwiY2xpZW50U2VnbWVudENhY2hlIjpmYWxzZSwicHJlbG9hZEVudHJpZXNPblN0YXJ0Ijp0cnVlLCJjbGllbnRSb3V0ZXJGaWx0ZXIiOnRydWUsImNsaWVudFJvdXRlckZpbHRlclJlZGlyZWN0cyI6ZmFsc2UsImZldGNoQ2FjaGVLZXlQcmVmaXgiOiIiLCJtaWRkbGV3YXJlUHJlZmV0Y2giOiJmbGV4aWJsZSIsIm9wdGltaXN0aWNDbGllbnRDYWNoZSI6dHJ1ZSwibWFudWFsQ2xpZW50QmFzZVBhdGgiOmZhbHNlLCJjcHVzIjo5LCJtZW1vcnlCYXNlZFdvcmtlcnNDb3VudCI6ZmFsc2UsImltZ09wdENvbmN1cnJlbmN5IjpudWxsLCJpbWdPcHRUaW1lb3V0SW5TZWNvbmRzIjo3LCJpbWdPcHRNYXhJbnB1dFBpeGVscyI6MjY4NDAyNjg5LCJpbWdPcHRTZXF1ZW50aWFsUmVhZCI6bnVsbCwiaXNyRmx1c2hUb0Rpc2siOnRydWUsIndvcmtlclRocmVhZHMiOmZhbHNlLCJvcHRpbWl6ZUNzcyI6ZmFsc2UsIm5leHRTY3JpcHRXb3JrZXJzIjpmYWxzZSwic2Nyb2xsUmVzdG9yYXRpb24iOmZhbHNlLCJleHRlcm5hbERpciI6ZmFsc2UsImRpc2FibGVPcHRpbWl6ZWRMb2FkaW5nIjpmYWxzZSwiZ3ppcFNpemUiOnRydWUsImNyYUNvbXBhdCI6ZmFsc2UsImVzbUV4dGVybmFscyI6dHJ1ZSwiZnVsbHlTcGVjaWZpZWQiOmZhbHNlLCJzd2NUcmFjZVByb2ZpbGluZyI6ZmFsc2UsImZvcmNlU3djVHJhbnNmb3JtcyI6ZmFsc2UsImxhcmdlUGFnZURhdGFCeXRlcyI6MTI4MDAwLCJ0dXJibyI6eyJyb290IjoiL1ZvbHVtZXMvYWtpL3dvcmtzcGFjZS90dG5fZXJkIn0sInR5cGVkUm91dGVzIjpmYWxzZSwidHlwZWRFbnYiOmZhbHNlLCJwYXJhbGxlbFNlcnZlckNvbXBpbGVzIjpmYWxzZSwicGFyYWxsZWxTZXJ2ZXJCdWlsZFRyYWNlcyI6ZmFsc2UsInBwciI6ZmFsc2UsImF1dGhJbnRlcnJ1cHRzIjpmYWxzZSwicmVhY3RPd25lclN0YWNrIjpmYWxzZSwid2VicGFja01lbW9yeU9wdGltaXphdGlvbnMiOmZhbHNlLCJvcHRpbWl6ZVNlcnZlclJlYWN0Ijp0cnVlLCJ1c2VFYXJseUltcG9ydCI6ZmFsc2UsInN0YWxlVGltZXMiOnsiZHluYW1pYyI6MCwic3RhdGljIjozMDB9LCJzZXJ2ZXJDb21wb25lbnRzSG1yQ2FjaGUiOnRydWUsInN0YXRpY0dlbmVyYXRpb25NYXhDb25jdXJyZW5jeSI6OCwic3RhdGljR2VuZXJhdGlvbk1pblBhZ2VzUGVyV29ya2VyIjoyNSwiZHluYW1pY0lPIjpmYWxzZSwiaW5saW5lQ3NzIjpmYWxzZSwib3B0aW1pemVQYWNrYWdlSW1wb3J0cyI6WyJsdWNpZGUtcmVhY3QiLCJkYXRlLWZucyIsImxvZGFzaC1lcyIsInJhbWRhIiwiYW50ZCIsInJlYWN0LWJvb3RzdHJhcCIsImFob29rcyIsIkBhbnQtZGVzaWduL2ljb25zIiwiQGhlYWRsZXNzdWkvcmVhY3QiLCJAaGVhZGxlc3N1aS1mbG9hdC9yZWFjdCIsIkBoZXJvaWNvbnMvcmVhY3QvMjAvc29saWQiLCJAaGVyb2ljb25zL3JlYWN0LzI0L3NvbGlkIiwiQGhlcm9pY29ucy9yZWFjdC8yNC9vdXRsaW5lIiwiQHZpc3gvdmlzeCIsIkB0cmVtb3IvcmVhY3QiLCJyeGpzIiwiQG11aS9tYXRlcmlhbCIsIkBtdWkvaWNvbnMtbWF0ZXJpYWwiLCJyZWNoYXJ0cyIsInJlYWN0LXVzZSIsImVmZmVjdCIsIkBlZmZlY3Qvc2NoZW1hIiwiQGVmZmVjdC9wbGF0Zm9ybSIsIkBlZmZlY3QvcGxhdGZvcm0tbm9kZSIsIkBlZmZlY3QvcGxhdGZvcm0tYnJvd3NlciIsIkBlZmZlY3QvcGxhdGZvcm0tYnVuIiwiQGVmZmVjdC9zcWwiLCJAZWZmZWN0L3NxbC1tc3NxbCIsIkBlZmZlY3Qvc3FsLW15c3FsMiIsIkBlZmZlY3Qvc3FsLXBnIiwiQGVmZmVjdC9zcWwtc3F1bGl0ZS1ub2RlIiwiQGVmZmVjdC9zcWwtc3F1bGl0ZS1idW4iLCJAZWZmZWN0L3NxbC1zcXVsaXRlLXdhc20iLCJAZWZmZWN0L3NxbC1zcXVsaXRlLXJlYWN0LW5hdGl2ZSIsIkBlZmZlY3QvcnBjIiwiQGVmZmVjdC9ycGMtaHR0cCIsIkBlZmZlY3QvdHlwZWNsYXNzIiwiQGVmZmVjdC9leHBlcmltZW50YWwiLCJAZWZmZWN0L29wZW50ZWxlbWV0cnkiLCJAbWF0ZXJpYWwtdWkvY29yZSIsIkBtYXRlcmlhbC11aS9pY29ucyIsIkB0YWJsZXIvaWNvbnMtcmVhY3QiLCJtdWktY29yZSIsInJlYWN0LWljb25zL2FpIiwicmVhY3QtaWNvbnMvYmkiLCJyZWFjdC1pY29ucy9icyIsInJlYWN0LWljb25zL2NnIiwicmVhY3QtaWNvbnMvY2kiLCJyZWFjdC1pY29ucy9kaSIsInJlYWN0LWljb25zL2ZhIiwicmVhY3QtaWNvbnMvZmE2IiwicmVhY3QtaWNvbnMvZmMiLCJyZWFjdC1pY29ucy9maSIsInJlYWN0LWljb25zL2dpIiwicmVhY3QtaWNvbnMvZ28iLCJyZWFjdC1pY29ucy9nciIsInJlYWN0LWljb25zL2hpIiwicmVhY3QtaWNvbnMvaGkyIiwicmVhY3QtaWNvbnMvaW0iLCJyZWFjdC1pY29ucy9pbyIsInJlYWN0LWljb25zL2lvNSIsInJlYWN0LWljb25zL2xpYSIsInJlYWN0LWljb25zL2xpYiIsInJlYWN0LWljb25zL2x1IiwicmVhY3QtaWNvbnMvbWQiLCJyZWFjdC1pY29ucy9waSIsInJlYWN0LWljb25zL3JpIiwicmVhY3QtaWNvbnMvcngiLCJyZWFjdC1pY29ucy9zaSIsInJlYWN0LWljb25zL3NsIiwicmVhY3QtaWNvbnMvdGIiLCJyZWFjdC1pY29ucy90ZmkiLCJyZWFjdC1pY29ucy90aSIsInJlYWN0LWljb25zL3ZzYyIsInJlYWN0LWljb25zL3dpIl19LCJidW5kbGVQYWdlc1JvdXRlckRlcGVuZGVuY2llcyI6ZmFsc2UsImNvbmZpZ0ZpbGUiOiIvVm9sdW1lcy9ha2kvd29ya3NwYWNlL3R0bl9lcmQvbmV4dC5jb25maWcudHMiLCJjb25maWdGaWxlTmFtZSI6Im5leHQuY29uZmlnLnRzIn0%3D&preferredRegion=&middlewareConfig=e30%3D!


> Build failed because of webpack errors
